# Synopsis

Manual para testes da função `mse_man`.