Descrição prévia sobre os parâmetros a serem usados.
Eventualmente esta descrição pode ser maior que o comum.